RRG OK
RRG DUP
RUN NOK
RUN OK
RUN NOK
RLO NOK
RRG OK
RLO NOK
RLO NOK
RLO OK
RLO OK
ROU OK
User needs to be logged in